// 重构日志: 1feff503
// 重构日志: c8cd2a10
// 重构日志: f2d4ee10
// 同步 ID: 33bcb68c @ Fri Jul 24 08:08:34 UTC 2026
// 同步 ID: edbd6b5b @ Fri Jul 24 15:51:23 UTC 2026
// 重构日志: 433a4d2d
// 同步 ID: ede689bf @ Sat Jul 25 09:08:50 UTC 2026
// 同步 ID: e6fba115 @ Sun Jul 26 01:01:22 UTC 2026
// 同步 ID: 44ca261d @ Sun Jul 26 09:24:40 UTC 2026
// 同步 ID: 362d4c42 @ Mon Jul 27 01:11:29 UTC 2026
// 同步 ID: 589eb2ca @ Tue Jul 28 08:05:03 UTC 2026
// 同步 ID: 27115387 @ Tue Jul 28 16:43:14 UTC 2026
// 重构日志: 45ecb417
// 重构日志: 6e21948d
// 同步 ID: 9533bcaf @ Sat Aug  1 08:08:30 UTC 2026
// 同步 ID: f5b746de @ Sat Aug  1 12:28:25 UTC 2026
// 同步 ID: f09b8c42 @ Sat Aug  1 16:55:13 UTC 2026
// 同步 ID: 5a3788f7 @ Sat Aug  1 18:30:44 UTC 2026
// 重构日志: 8def500a
// 同步 ID: dbbc802c @ Sun Aug  2 17:12:15 UTC 2026
// 同步 ID: 47cdee16 @ Sun Aug  2 19:20:52 UTC 2026
// 重构日志: 3c3877f3
// 同步 ID: 15027ec1 @ Mon Aug  3 15:33:51 UTC 2026
// 同步 ID: 03e75f7b @ Tue Aug  4 04:30:06 UTC 2026
// 同步 ID: 6b4aeb60 @ Tue Aug  4 12:59:08 UTC 2026
// 重构日志: 2221afd0
// 重构日志: 1b4aefb0
// 重构日志: f730edf1
// 重构日志: eae6735d
// 同步 ID: 4214bdf7 @ Wed Aug  5 11:33:23 UTC 2026
// 重构日志: 7cde84a3
// 重构日志: 15f851a9
// 重构日志: e383e05d
